// Jest Snapshot v1, https://goo.gl/fbAQLP

exports[`<ViewFundingLineProfile /> when user has canEditProfilePattern permission shows the correct funding line profile values 1`] = `
Array [
  <tr
    class="govuk-table__row"
    data-testid="profile-total"
  >
    <th
      class="govuk-table__header"
      scope="row"
    >
      <span>
        13
         
        August
         
        1906
      </span>
    </th>
    <td
      class="govuk-table__cell"
    >
      <strong
        class="govuk-tag"
      >
        Paid
      </strong>
    </td>
    <td
      class="govuk-table__cell"
    >
      1
    </td>
    <td
      class="govuk-table__cell"
    >
      <span>
        25%
      </span>
    </td>
    <td
      class="govuk-table__cell govuk-table__cell--numeric"
    >
      <span>
        £50.00
      </span>
    </td>
  </tr>,
  <tr
    class="govuk-table__row"
    data-testid="profile-total"
  >
    <th
      class="govuk-table__header"
      scope="row"
    >
      <span>
        13
         
        August
         
        1907
      </span>
    </th>
    <td
      class="govuk-table__cell"
    />
    <td
      class="govuk-table__cell"
    >
      2
    </td>
    <td
      class="govuk-table__cell"
    >
      <span>
        25%
      </span>
    </td>
    <td
      class="govuk-table__cell govuk-table__cell--numeric"
    >
      <span>
        £50.00
      </span>
    </td>
  </tr>,
]
`;
